<html>
<body>
<pre>
<h1>礦ision Build Log</h1>
<h2>Project:</h2>
D:\LayoutPCB\piano_data\ARM资料\122\DocumentsInfo_NUC100SeriesBSP_v1.05.003\NUC100SeriesBSP\NuvotonPlatform_Keil\Sample\NuTiny-EVB\Remote_bluetooth_servers_Smpl_Panasonci_NUC120\Smpl_NUTINY_120.uvproj
Project File Date:  04/29/2014

<h2>Output:</h2>
Rebuild target 'Smpl_NUTINY_100'
creating preprocessor file for core_cm0.c...
compiling core_cm0.c...
creating preprocessor file for system_NUC1xx.c...
compiling system_NUC1xx.c...
assembling startup_NUC1xx.s...
creating preprocessor file for Smpl_NUTINY_120.c...
compiling Smpl_NUTINY_120.c...
creating preprocessor file for HID_API.c...
compiling HID_API.c...
creating preprocessor file for DrvGPIO.c...
compiling DrvGPIO.c...
creating preprocessor file for DrvUART.c...
compiling DrvUART.c...
creating preprocessor file for DrvSYS.c...
compiling DrvSYS.c...
creating preprocessor file for retarget.c...
compiling retarget.c...
creating preprocessor file for DrvPDMA.c...
compiling DrvPDMA.c...
creating preprocessor file for DrvTIMER.c...
compiling DrvTIMER.c...
creating preprocessor file for DrvUSB.c...
compiling DrvUSB.c...
creating preprocessor file for DrvPWM.c...
compiling DrvPWM.c...
creating preprocessor file for HIDSys.c...
compiling HIDSys.c...
linking...
Program Size: Code=12808 RO-data=1344 RW-data=820 ZI-data=1620  
User command #1: fromelf --bin ".\obj\Smpl_NUTINY_100.axf" --output ".\obj\Smpl_NUTINY_100.bin"
User command #2: fromelf --text -c ".\obj\Smpl_NUTINY_100.axf" --output ".\obj\Smpl_NUTINY_100.txt"
".\obj\Smpl_NUTINY_100.axf" - 0 Error(s), 0 Warning(s).
Rebuild target 'Smpl_NUTINY_100'
creating preprocessor file for core_cm0.c...
compiling core_cm0.c...
creating preprocessor file for system_NUC1xx.c...
compiling system_NUC1xx.c...
assembling startup_NUC1xx.s...
creating preprocessor file for Smpl_NUTINY_120.c...
compiling Smpl_NUTINY_120.c...
creating preprocessor file for HID_API.c...
compiling HID_API.c...
creating preprocessor file for DrvGPIO.c...
compiling DrvGPIO.c...
creating preprocessor file for DrvUART.c...
compiling DrvUART.c...
creating preprocessor file for DrvSYS.c...
compiling DrvSYS.c...
creating preprocessor file for retarget.c...
compiling retarget.c...
creating preprocessor file for DrvPDMA.c...
compiling DrvPDMA.c...
creating preprocessor file for DrvTIMER.c...
compiling DrvTIMER.c...
creating preprocessor file for DrvUSB.c...
compiling DrvUSB.c...
creating preprocessor file for DrvPWM.c...
compiling DrvPWM.c...
creating preprocessor file for HIDSys.c...
compiling HIDSys.c...
linking...
Program Size: Code=12808 RO-data=1344 RW-data=820 ZI-data=1620  
User command #1: fromelf --bin ".\obj\Smpl_NUTINY_100.axf" --output ".\obj\Smpl_NUTINY_100.bin"
User command #2: fromelf --text -c ".\obj\Smpl_NUTINY_100.axf" --output ".\obj\Smpl_NUTINY_100.txt"
".\obj\Smpl_NUTINY_100.axf" - 0 Error(s), 0 Warning(s).
Rebuild target 'Smpl_NUTINY_100'
creating preprocessor file for core_cm0.c...
compiling core_cm0.c...
creating preprocessor file for system_NUC1xx.c...
compiling system_NUC1xx.c...
assembling startup_NUC1xx.s...
creating preprocessor file for Smpl_NUTINY_120.c...
compiling Smpl_NUTINY_120.c...
creating preprocessor file for HID_API.c...
compiling HID_API.c...
creating preprocessor file for DrvGPIO.c...
compiling DrvGPIO.c...
creating preprocessor file for DrvUART.c...
compiling DrvUART.c...
creating preprocessor file for DrvSYS.c...
compiling DrvSYS.c...
creating preprocessor file for retarget.c...
compiling retarget.c...
creating preprocessor file for DrvPDMA.c...
compiling DrvPDMA.c...
creating preprocessor file for DrvTIMER.c...
compiling DrvTIMER.c...
creating preprocessor file for DrvUSB.c...
compiling DrvUSB.c...
creating preprocessor file for DrvPWM.c...
compiling DrvPWM.c...
creating preprocessor file for HIDSys.c...
compiling HIDSys.c...
linking...
Program Size: Code=12808 RO-data=1344 RW-data=820 ZI-data=1620  
User command #1: fromelf --bin ".\obj\Smpl_NUTINY_100.axf" --output ".\obj\Smpl_NUTINY_100.bin"
User command #2: fromelf --text -c ".\obj\Smpl_NUTINY_100.axf" --output ".\obj\Smpl_NUTINY_100.txt"
".\obj\Smpl_NUTINY_100.axf" - 0 Error(s), 0 Warning(s).
Load "D:\\LayoutPCB\\piano_data\\ARM资料\\122\\DocumentsInfo_NUC100SeriesBSP_v1.05.003\\NUC100SeriesBSP\\NuvotonPlatform_Keil\\Sample\\NuTiny-EVB\\Remote_bluetooth_servers_Smpl_Panasonci_NUC120\\obj\\Smpl_NUTINY_100.AXF" 
Load "D:\\LayoutPCB\\piano_data\\ARM资料\\122\\DocumentsInfo_NUC100SeriesBSP_v1.05.003\\NUC100SeriesBSP\\NuvotonPlatform_Keil\\Sample\\NuTiny-EVB\\Remote_bluetooth_servers_Smpl_Panasonci_NUC120\\obj\\Smpl_NUTINY_100.AXF" 
